{
  "Entries": [
    {
      "RequestUri": "https://management.azure.com/subscriptions/c9cbd920-c00c-427c-852b-8aaf38badaeb/resourceGroups/Default-CosmosDB-5063/providers/Microsoft.DocumentDB/databaseAccounts/cosmosdb8086/sqlDatabases/databaseName2439/containers/containerName331/throughputSettings/default?api-version=2020-04-01",
      "RequestMethod": "PUT",
      "RequestHeaders": {
        "Authorization": "Sanitized",
        "Content-Length": "46",
        "Content-Type": "application/json",
        "traceparent": "00-48a1d7346a2c2e4180f7d89d8f04c9bc-320c80f9b2a3b444-00",
        "User-Agent": [
          "azsdk-net-ResourceManager.CosmosDB/1.0.0-alpha.20200922.1",
          "(.NET Core 4.6.29220.03; Microsoft Windows 10.0.19041 )"
        ],
        "x-ms-client-request-id": "f2a0e3758b7058caa584e0fbd94e52fe",
        "x-ms-return-client-request-id": "true"
      },
      "RequestBody": {
        "properties": {
          "resource": {
            "throughput": 700
          }
        }
      },
      "StatusCode": 202,
      "ResponseHeaders": {
        "Azure-AsyncOperation": "https://management.azure.com/subscriptions/c9cbd920-c00c-427c-852b-8aaf38badaeb/providers/Microsoft.DocumentDB/locations/eastus/operationsStatus/d5140f36-ac10-464f-86e5-b4cdbe328aa9?api-version=2020-04-01",
        "Cache-Control": "no-store, no-cache",
        "Content-Length": "21",
        "Content-Location": "https://management.documents.azure.com:450/subscriptions/c9cbd920-c00c-427c-852b-8aaf38badaeb/resourceGroups/Default-CosmosDB-5063/providers/Microsoft.DocumentDB/databaseAccounts/cosmosdb8086/sqlDatabases/databaseName2439/containers/containerName331/throughputSettings/default?api-version=2020-04-01",
        "Content-Type": "application/json",
        "Date": "Tue, 22 Sep 2020 10:48:52 GMT",
        "Location": "https://management.azure.com/subscriptions/c9cbd920-c00c-427c-852b-8aaf38badaeb/resourceGroups/Default-CosmosDB-5063/providers/Microsoft.DocumentDB/databaseAccounts/cosmosdb8086/sqlDatabases/databaseName2439/containers/containerName331/throughputSettings/default/operationResults/d5140f36-ac10-464f-86e5-b4cdbe328aa9?api-version=2020-04-01",
        "Pragma": "no-cache",
        "Server": "Microsoft-HTTPAPI/2.0",
        "Strict-Transport-Security": "max-age=31536000; includeSubDomains",
        "X-Content-Type-Options": "nosniff",
        "x-ms-correlation-request-id": "25d33d71-53a0-4547-8c74-5f9302e5bfec",
        "x-ms-gatewayversion": "version=2.11.0",
        "x-ms-ratelimit-remaining-subscription-writes": "1178",
        "x-ms-request-id": "d5140f36-ac10-464f-86e5-b4cdbe328aa9",
        "x-ms-routing-request-id": "SOUTHEASTASIA:20200922T104852Z:25d33d71-53a0-4547-8c74-5f9302e5bfec"
      },
      "ResponseBody": {
        "status": "Enqueued"
      }
    },
    {
      "RequestUri": "https://management.azure.com/subscriptions/c9cbd920-c00c-427c-852b-8aaf38badaeb/providers/Microsoft.DocumentDB/locations/eastus/operationsStatus/d5140f36-ac10-464f-86e5-b4cdbe328aa9?api-version=2020-04-01",
      "RequestMethod": "GET",
      "RequestHeaders": {
        "Authorization": "Sanitized",
        "User-Agent": [
          "azsdk-net-ResourceManager.CosmosDB/1.0.0-alpha.20200922.1",
          "(.NET Core 4.6.29220.03; Microsoft Windows 10.0.19041 )"
        ],
        "x-ms-client-request-id": "e8e81db1959ed6f6a39e691c8abca58f",
        "x-ms-return-client-request-id": "true"
      },
      "RequestBody": null,
      "StatusCode": 200,
      "ResponseHeaders": {
        "Cache-Control": "no-store, no-cache",
        "Content-Length": "21",
        "Content-Location": "https://management.documents.azure.com:450/subscriptions/c9cbd920-c00c-427c-852b-8aaf38badaeb/providers/Microsoft.DocumentDB/locations/eastus/operationsStatus/d5140f36-ac10-464f-86e5-b4cdbe328aa9?api-version=2020-04-01",
        "Content-Type": "application/json",
        "Date": "Tue, 22 Sep 2020 10:48:53 GMT",
        "Pragma": "no-cache",
        "Server": "Microsoft-HTTPAPI/2.0",
        "Strict-Transport-Security": "max-age=31536000; includeSubDomains",
        "X-Content-Type-Options": "nosniff",
        "x-ms-correlation-request-id": "6adb9cc5-073f-4133-8db2-50dd0f94eda7",
        "x-ms-gatewayversion": "version=2.11.0",
        "x-ms-ratelimit-remaining-subscription-reads": "10467",
        "x-ms-request-id": "6adb9cc5-073f-4133-8db2-50dd0f94eda7",
        "x-ms-routing-request-id": "SOUTHEASTASIA:20200922T104853Z:6adb9cc5-073f-4133-8db2-50dd0f94eda7"
      },
      "ResponseBody": {
        "status": "Enqueued"
      }
    },
    {
      "RequestUri": "https://management.azure.com/subscriptions/c9cbd920-c00c-427c-852b-8aaf38badaeb/providers/Microsoft.DocumentDB/locations/eastus/operationsStatus/d5140f36-ac10-464f-86e5-b4cdbe328aa9?api-version=2020-04-01",
      "RequestMethod": "GET",
      "RequestHeaders": {
        "Authorization": "Sanitized",
        "User-Agent": [
          "azsdk-net-ResourceManager.CosmosDB/1.0.0-alpha.20200922.1",
          "(.NET Core 4.6.29220.03; Microsoft Windows 10.0.19041 )"
        ],
        "x-ms-client-request-id": "7a27bde54ab39699ae5eb39f2f47e61f",
        "x-ms-return-client-request-id": "true"
      },
      "RequestBody": null,
      "StatusCode": 200,
      "ResponseHeaders": {
        "Cache-Control": "no-store, no-cache",
        "Content-Length": "21",
        "Content-Location": "https://management.documents.azure.com:450/subscriptions/c9cbd920-c00c-427c-852b-8aaf38badaeb/providers/Microsoft.DocumentDB/locations/eastus/operationsStatus/d5140f36-ac10-464f-86e5-b4cdbe328aa9?api-version=2020-04-01",
        "Content-Type": "application/json",
        "Date": "Tue, 22 Sep 2020 10:48:54 GMT",
        "Pragma": "no-cache",
        "Server": "Microsoft-HTTPAPI/2.0",
        "Strict-Transport-Security": "max-age=31536000; includeSubDomains",
        "X-Content-Type-Options": "nosniff",
        "x-ms-correlation-request-id": "48c759d6-7443-4551-a072-af86fa3f177e",
        "x-ms-gatewayversion": "version=2.11.0",
        "x-ms-ratelimit-remaining-subscription-reads": "10466",
        "x-ms-request-id": "48c759d6-7443-4551-a072-af86fa3f177e",
        "x-ms-routing-request-id": "SOUTHEASTASIA:20200922T104854Z:48c759d6-7443-4551-a072-af86fa3f177e"
      },
      "ResponseBody": {
        "status": "Enqueued"
      }
    },
    {
      "RequestUri": "https://management.azure.com/subscriptions/c9cbd920-c00c-427c-852b-8aaf38badaeb/providers/Microsoft.DocumentDB/locations/eastus/operationsStatus/d5140f36-ac10-464f-86e5-b4cdbe328aa9?api-version=2020-04-01",
      "RequestMethod": "GET",
      "RequestHeaders": {
        "Authorization": "Sanitized",
        "User-Agent": [
          "azsdk-net-ResourceManager.CosmosDB/1.0.0-alpha.20200922.1",
          "(.NET Core 4.6.29220.03; Microsoft Windows 10.0.19041 )"
        ],
        "x-ms-client-request-id": "bc4942ca6966015f946b6c7b7518b781",
        "x-ms-return-client-request-id": "true"
      },
      "RequestBody": null,
      "StatusCode": 200,
      "ResponseHeaders": {
        "Cache-Control": "no-store, no-cache",
        "Content-Length": "21",
        "Content-Location": "https://management.documents.azure.com:450/subscriptions/c9cbd920-c00c-427c-852b-8aaf38badaeb/providers/Microsoft.DocumentDB/locations/eastus/operationsStatus/d5140f36-ac10-464f-86e5-b4cdbe328aa9?api-version=2020-04-01",
        "Content-Type": "application/json",
        "Date": "Tue, 22 Sep 2020 10:48:55 GMT",
        "Pragma": "no-cache",
        "Server": "Microsoft-HTTPAPI/2.0",
        "Strict-Transport-Security": "max-age=31536000; includeSubDomains",
        "X-Content-Type-Options": "nosniff",
        "x-ms-correlation-request-id": "3abea95a-9bd3-4478-8758-089cdd62d093",
        "x-ms-gatewayversion": "version=2.11.0",
        "x-ms-ratelimit-remaining-subscription-reads": "10465",
        "x-ms-request-id": "3abea95a-9bd3-4478-8758-089cdd62d093",
        "x-ms-routing-request-id": "SOUTHEASTASIA:20200922T104855Z:3abea95a-9bd3-4478-8758-089cdd62d093"
      },
      "ResponseBody": {
        "status": "Enqueued"
      }
    },
    {
      "RequestUri": "https://management.azure.com/subscriptions/c9cbd920-c00c-427c-852b-8aaf38badaeb/providers/Microsoft.DocumentDB/locations/eastus/operationsStatus/d5140f36-ac10-464f-86e5-b4cdbe328aa9?api-version=2020-04-01",
      "RequestMethod": "GET",
      "RequestHeaders": {
        "Authorization": "Sanitized",
        "User-Agent": [
          "azsdk-net-ResourceManager.CosmosDB/1.0.0-alpha.20200922.1",
          "(.NET Core 4.6.29220.03; Microsoft Windows 10.0.19041 )"
        ],
        "x-ms-client-request-id": "b49dcc2a3f5d66ea83523a40e156a65c",
        "x-ms-return-client-request-id": "true"
      },
      "RequestBody": null,
      "StatusCode": 200,
      "ResponseHeaders": {
        "Cache-Control": "no-store, no-cache",
        "Content-Length": "21",
        "Content-Location": "https://management.documents.azure.com:450/subscriptions/c9cbd920-c00c-427c-852b-8aaf38badaeb/providers/Microsoft.DocumentDB/locations/eastus/operationsStatus/d5140f36-ac10-464f-86e5-b4cdbe328aa9?api-version=2020-04-01",
        "Content-Type": "application/json",
        "Date": "Tue, 22 Sep 2020 10:48:57 GMT",
        "Pragma": "no-cache",
        "Server": "Microsoft-HTTPAPI/2.0",
        "Strict-Transport-Security": "max-age=31536000; includeSubDomains",
        "X-Content-Type-Options": "nosniff",
        "x-ms-correlation-request-id": "493dde23-bc75-4800-9c29-98fd3553cad0",
        "x-ms-gatewayversion": "version=2.11.0",
        "x-ms-ratelimit-remaining-subscription-reads": "10464",
        "x-ms-request-id": "493dde23-bc75-4800-9c29-98fd3553cad0",
        "x-ms-routing-request-id": "SOUTHEASTASIA:20200922T104857Z:493dde23-bc75-4800-9c29-98fd3553cad0"
      },
      "ResponseBody": {
        "status": "Dequeued"
      }
    },
    {
      "RequestUri": "https://management.azure.com/subscriptions/c9cbd920-c00c-427c-852b-8aaf38badaeb/providers/Microsoft.DocumentDB/locations/eastus/operationsStatus/d5140f36-ac10-464f-86e5-b4cdbe328aa9?api-version=2020-04-01",
      "RequestMethod": "GET",
      "RequestHeaders": {
        "Authorization": "Sanitized",
        "User-Agent": [
          "azsdk-net-ResourceManager.CosmosDB/1.0.0-alpha.20200922.1",
          "(.NET Core 4.6.29220.03; Microsoft Windows 10.0.19041 )"
        ],
        "x-ms-client-request-id": "485249b7e9737b295d25e548de1e2095",
        "x-ms-return-client-request-id": "true"
      },
      "RequestBody": null,
      "StatusCode": 200,
      "ResponseHeaders": {
        "Cache-Control": "no-store, no-cache",
        "Content-Length": "22",
        "Content-Location": "https://management.documents.azure.com:450/subscriptions/c9cbd920-c00c-427c-852b-8aaf38badaeb/providers/Microsoft.DocumentDB/locations/eastus/operationsStatus/d5140f36-ac10-464f-86e5-b4cdbe328aa9?api-version=2020-04-01",
        "Content-Type": "application/json",
        "Date": "Tue, 22 Sep 2020 10:48:58 GMT",
        "Pragma": "no-cache",
        "Server": "Microsoft-HTTPAPI/2.0",
        "Strict-Transport-Security": "max-age=31536000; includeSubDomains",
        "X-Content-Type-Options": "nosniff",
        "x-ms-correlation-request-id": "5dea7f3b-4ca0-4c17-8cd5-b45dbda1a7e3",
        "x-ms-gatewayversion": "version=2.11.0",
        "x-ms-ratelimit-remaining-subscription-reads": "10463",
        "x-ms-request-id": "5dea7f3b-4ca0-4c17-8cd5-b45dbda1a7e3",
        "x-ms-routing-request-id": "SOUTHEASTASIA:20200922T104858Z:5dea7f3b-4ca0-4c17-8cd5-b45dbda1a7e3"
      },
      "ResponseBody": {
        "status": "Succeeded"
      }
    },
    {
      "RequestUri": "https://management.azure.com/subscriptions/c9cbd920-c00c-427c-852b-8aaf38badaeb/resourceGroups/Default-CosmosDB-5063/providers/Microsoft.DocumentDB/databaseAccounts/cosmosdb8086/sqlDatabases/databaseName2439/containers/containerName331/throughputSettings/default?api-version=2020-04-01",
      "RequestMethod": "GET",
      "RequestHeaders": {
        "Authorization": "Sanitized",
        "User-Agent": [
          "azsdk-net-ResourceManager.CosmosDB/1.0.0-alpha.20200922.1",
          "(.NET Core 4.6.29220.03; Microsoft Windows 10.0.19041 )"
        ],
        "x-ms-client-request-id": "627432a632aa8bc158e239132f1f203e",
        "x-ms-return-client-request-id": "true"
      },
      "RequestBody": null,
      "StatusCode": 200,
      "ResponseHeaders": {
        "Cache-Control": "no-store, no-cache",
        "Content-Length": "418",
        "Content-Location": "https://management.documents.azure.com:450/subscriptions/c9cbd920-c00c-427c-852b-8aaf38badaeb/resourceGroups/Default-CosmosDB-5063/providers/Microsoft.DocumentDB/databaseAccounts/cosmosdb8086/sqlDatabases/databaseName2439/containers/containerName331/throughputSettings/default?api-version=2020-04-01",
        "Content-Type": "application/json",
        "Date": "Tue, 22 Sep 2020 10:48:58 GMT",
        "Pragma": "no-cache",
        "Server": "Microsoft-HTTPAPI/2.0",
        "Strict-Transport-Security": "max-age=31536000; includeSubDomains",
        "X-Content-Type-Options": "nosniff",
        "x-ms-correlation-request-id": "3b102aac-3bb4-4477-9a0b-f04dba4361bd",
        "x-ms-gatewayversion": "version=2.11.0",
        "x-ms-ratelimit-remaining-subscription-reads": "10462",
        "x-ms-request-id": "3b102aac-3bb4-4477-9a0b-f04dba4361bd",
        "x-ms-routing-request-id": "SOUTHEASTASIA:20200922T104859Z:3b102aac-3bb4-4477-9a0b-f04dba4361bd"
      },
      "ResponseBody": {
        "id": "/subscriptions/c9cbd920-c00c-427c-852b-8aaf38badaeb/resourceGroups/Default-CosmosDB-5063/providers/Microsoft.DocumentDB/databaseAccounts/cosmosdb8086/sqlDatabases/databaseName2439/containers/containerName331/throughputSettings/default",
        "type": "Microsoft.DocumentDB/databaseAccounts/sqlDatabases/containers/throughputSettings",
        "name": "xZV9",
        "properties": {
          "resource": {
            "throughput": 700,
            "minimumThroughput": "400"
          }
        }
      }
    }
  ],
  "Variables": {
    "RandomSeed": "1913415364"
  }
}